--------------------------------------------------------------------------------------
Timing Analyzer Summary
--------------------------------------------------------------------------------------

Type           : Worst-case tsu
Slack          : N/A
Required Time  : None
Actual Time    : 2.716 ns
From           : reset
To             : controlador:ctrl|state[2]
From Clock     : --
To Clock       : clock
Failed Paths   : 0

Type           : Worst-case tco
Slack          : N/A
Required Time  : None
Actual Time    : 38.131 ns
From           : Banco_reg:BancoDeRegistradores|Reg12[0]
To             : Alu[27]
From Clock     : clock
To Clock       : --
Failed Paths   : 0

Type           : Worst-case th
Slack          : N/A
Required Time  : None
Actual Time    : -0.499 ns
From           : reset
To             : controlador:ctrl|state[4]
From Clock     : --
To Clock       : clock
Failed Paths   : 0

Type           : Clock Setup: 'clock'
Slack          : N/A
Required Time  : None
Actual Time    : 33.94 MHz ( period = 29.460 ns )
From           : Banco_reg:BancoDeRegistradores|Reg12[0]
To             : Banco_reg:BancoDeRegistradores|Reg10[31]
From Clock     : clock
To Clock       : clock
Failed Paths   : 0

Type           : Total number of failed paths
Slack          : 
Required Time  : 
Actual Time    : 
From           : 
To             : 
From Clock     : 
To Clock       : 
Failed Paths   : 0

--------------------------------------------------------------------------------------

